---
source: src/annotate/seqvars/csq.rs
expression: res
---
- allele:
    Alt:
      alternative: A
  consequences:
    - intron_variant
  putative_impact: MODIFIER
  gene_symbol: BRCA1
  gene_id: "HGNC:1100"
  feature_type:
    SoTerm:
      term: Transcript
  feature_id: NM_007294.4
  feature_biotype:
    - Coding
    - ManeSelect
  rank:
    ord: 22
    total: 22
  hgvs_t: c.5468-18C>T
  hgvs_p: p.?
  tx_pos:
    ord: 5581
    total: 7088
  cds_pos:
    ord: 5468
    total: 5592
  protein_pos: ~
  distance: 18
  strand: -1
  messages: ~
