---
source: src/annotate/seqvars/csq.rs
expression: res
---
- allele:
    Alt:
      alternative: T
  consequences:
    - splice_acceptor_variant
    - intron_variant
  putative_impact: HIGH
  gene_symbol: OPA1
  gene_id: "HGNC:8140"
  feature_type:
    SoTerm:
      term: Transcript
  feature_id: NM_130837.3
  feature_biotype:
    - Coding
    - ManeSelect
  rank:
    ord: 2
    total: 30
  hgvs_t: c.33-1G>T
  hgvs_p: p.?
  tx_pos:
    ord: 203
    total: 6429
  cds_pos:
    ord: 33
    total: 3048
  protein_pos: ~
  distance: -1
  strand: 1
  messages: ~
