---
source: src/annotate/seqvars/csq.rs
expression: res
---
- allele:
    Alt:
      alternative: A
  consequences:
    - intron_variant
  putative_impact: MODIFIER
  gene_symbol: BRCA1
  gene_id: "HGNC:1100"
  feature_type:
    SoTerm:
      term: Transcript
  feature_id: NM_007294.4
  feature_biotype:
    - Coding
    - ManeSelect
  rank:
    ord: 22
    total: 22
  hgvs_t: c.5467+9G>T
  hgvs_p: p.?
  tx_pos:
    ord: 5580
    total: 7088
  cds_pos:
    ord: 5467
    total: 5592
  protein_pos: ~
  distance: -9
  strand: -1
  messages: ~
