---
source: src/annotate/seqvars/csq.rs
expression: res
snapshot_kind: text
---
- allele:
    Alt:
      alternative: C
  consequences:
    - splice_acceptor_variant
    - intron_variant
  putative_impact: high
  gene_symbol: BRCA1
  gene_id: "HGNC:1100"
  feature_type:
    so_term:
      term: Transcript
  feature_id: NM_007294.4
  feature_biotype:
    - coding
    - mane_select
  rank:
    ord: 22
    total: 22
  hgvs_g: g.41197821A>C
  hgvs_c: c.5468-2T>G
  hgvs_p: p.?
  cdna_pos: ~
  cds_pos: ~
  protein_pos: ~
  distance: 2
  strand: -1
  messages: ~
