---
source: src/annotate/seqvars/csq.rs
expression: res
snapshot_kind: text
---
- allele:
    Alt:
      alternative: C
  consequences:
    - splice_region_variant
    - splice_polypyrimidine_tract_variant
    - intron_variant
  putative_impact: low
  gene_symbol: OPA1
  gene_id: "HGNC:8140"
  feature_type:
    so_term:
      term: Transcript
  feature_id: NM_130837.3
  feature_biotype:
    - coding
    - mane_select
  rank:
    ord: 2
    total: 30
  hgvs_g: g.193332508T>C
  hgvs_c: c.33-4T>C
  hgvs_p: p.?
  cdna_pos: ~
  cds_pos: ~
  protein_pos: ~
  distance: -4
  strand: 1
  messages: ~
