---
source: src/annotate/seqvars/csq.rs
expression: res
---
- allele:
    Alt:
      alternative: A
  consequences:
    - intron_variant
  putative_impact: modifier
  gene_symbol: OPA1
  gene_id: "HGNC:8140"
  feature_type:
    so_term:
      term: Transcript
  feature_id: NM_130837.3
  feature_biotype:
    - coding
    - mane_select
  rank:
    ord: 3
    total: 30
  hgvs_g: g.193332847G>A
  hgvs_c: c.351+17G>A
  hgvs_p: p.?
  cdna_pos:
    ord: 521
    total: 6429
  cds_pos:
    ord: 351
    total: 3048
  protein_pos: ~
  distance: 17
  strand: 1
  messages: ~
