---
source: src/annotate/seqvars/csq.rs
expression: res
---
- allele:
    Alt:
      alternative: G
  consequences:
    - frameshift_variant
  putative_impact: HIGH
  gene_symbol: OPA1
  gene_id: "HGNC:8140"
  feature_type:
    SoTerm:
      term: Transcript
  feature_id: NM_130837.3
  feature_biotype:
    - Coding
    - ManeSelect
  rank:
    ord: 1
    total: 31
  hgvs_t: c.4_7del
  hgvs_p: p.Trp2AspfsTer15
  tx_pos:
    ord: 174
    total: 6429
  cds_pos:
    ord: 4
    total: 3048
  protein_pos:
    ord: 2
    total: 1016
  distance: 0
  strand: 1
  messages: ~
