---
source: src/annotate/seqvars/csq.rs
expression: res
---
- allele:
    Alt:
      alternative: C
  consequences:
    - upstream_gene_variant
  putative_impact: modifier
  gene_symbol: BRCA1
  gene_id: "HGNC:1100"
  feature_type:
    so_term:
      term: Transcript
  feature_id: NM_007294.4
  feature_biotype:
    - coding
  feature_tags:
    - mane_select
    - ref_seq_select
  rank: ~
  hgvs_g: g.41277383A>C
  hgvs_c: ~
  hgvs_p: ~
  cdna_pos: ~
  cds_pos: ~
  protein_pos: ~
  distance: 2
  strand: -1
  messages: ~
- allele:
    Alt:
      alternative: C
  consequences:
    - upstream_gene_variant
  putative_impact: modifier
  gene_symbol: BRCA1
  gene_id: "HGNC:1100"
  feature_type:
    so_term:
      term: Transcript
  feature_id: NM_007297.4
  feature_biotype:
    - coding
  feature_tags: []
  rank: ~
  hgvs_g: g.41277383A>C
  hgvs_c: ~
  hgvs_p: ~
  cdna_pos: ~
  cds_pos: ~
  protein_pos: ~
  distance: 2
  strand: -1
  messages: ~
- allele:
    Alt:
      alternative: C
  consequences:
    - upstream_gene_variant
  putative_impact: modifier
  gene_symbol: BRCA1
  gene_id: "HGNC:1100"
  feature_type:
    so_term:
      term: Transcript
  feature_id: NM_007298.3
  feature_biotype:
    - coding
  feature_tags: []
  rank: ~
  hgvs_g: g.41277383A>C
  hgvs_c: ~
  hgvs_p: ~
  cdna_pos: ~
  cds_pos: ~
  protein_pos: ~
  distance: 1251
  strand: -1
  messages: ~
- allele:
    Alt:
      alternative: C
  consequences:
    - upstream_gene_variant
  putative_impact: modifier
  gene_symbol: BRCA1
  gene_id: "HGNC:1100"
  feature_type:
    so_term:
      term: Transcript
  feature_id: NM_007299.4
  feature_biotype:
    - coding
  feature_tags: []
  rank: ~
  hgvs_g: g.41277383A>C
  hgvs_c: ~
  hgvs_p: ~
  cdna_pos: ~
  cds_pos: ~
  protein_pos: ~
  distance: 2
  strand: -1
  messages: ~
- allele:
    Alt:
      alternative: C
  consequences:
    - upstream_gene_variant
  putative_impact: modifier
  gene_symbol: BRCA1
  gene_id: "HGNC:1100"
  feature_type:
    so_term:
      term: Transcript
  feature_id: NM_007300.4
  feature_biotype:
    - coding
  feature_tags: []
  rank: ~
  hgvs_g: g.41277383A>C
  hgvs_c: ~
  hgvs_p: ~
  cdna_pos: ~
  cds_pos: ~
  protein_pos: ~
  distance: 2
  strand: -1
  messages: ~
