---
source: src/annotate/seqvars/csq.rs
expression: res
---
- allele:
    Alt:
      alternative: C
  consequences:
    - 3_prime_UTR_exon_variant
  putative_impact: MODIFIER
  gene_symbol: BRCA1
  gene_id: "HGNC:1100"
  feature_type:
    SoTerm:
      term: Transcript
  feature_id: NM_007294.4
  feature_biotype:
    - Coding
    - ManeSelect
  rank:
    ord: 23
    total: 23
  hgvs_t: c.*1382C>G
  hgvs_p: p.?
  tx_pos:
    ord: 7087
    total: 7088
  cds_pos:
    ord: 1382
    total: 5592
  protein_pos: ~
  distance: 0
  strand: -1
  messages: ~
- allele:
    Alt:
      alternative: C
  consequences:
    - 3_prime_UTR_exon_variant
  putative_impact: MODIFIER
  gene_symbol: BRCA1
  gene_id: "HGNC:1100"
  feature_type:
    SoTerm:
      term: Transcript
  feature_id: NM_007297.4
  feature_biotype:
    - Coding
  rank:
    ord: 22
    total: 22
  hgvs_t: c.*1382C>G
  hgvs_p: p.?
  tx_pos:
    ord: 7027
    total: 7028
  cds_pos:
    ord: 1382
    total: 5451
  protein_pos: ~
  distance: 0
  strand: -1
  messages: ~
- allele:
    Alt:
      alternative: C
  consequences:
    - 3_prime_UTR_exon_variant
  putative_impact: MODIFIER
  gene_symbol: BRCA1
  gene_id: "HGNC:1100"
  feature_type:
    SoTerm:
      term: Transcript
  feature_id: NM_007298.3
  feature_biotype:
    - Coding
  rank:
    ord: 22
    total: 22
  hgvs_t: c.*1382C>G
  hgvs_p: p.?
  tx_pos:
    ord: 3681
    total: 3682
  cds_pos:
    ord: 1382
    total: 2280
  protein_pos: ~
  distance: 0
  strand: -1
  messages: ~
- allele:
    Alt:
      alternative: C
  consequences:
    - 3_prime_UTR_exon_variant
  putative_impact: MODIFIER
  gene_symbol: BRCA1
  gene_id: "HGNC:1100"
  feature_type:
    SoTerm:
      term: Transcript
  feature_id: NM_007299.4
  feature_biotype:
    - Coding
  rank:
    ord: 22
    total: 22
  hgvs_t: c.*1488C>G
  hgvs_p: p.?
  tx_pos:
    ord: 3695
    total: 3696
  cds_pos:
    ord: 1488
    total: 2100
  protein_pos: ~
  distance: 0
  strand: -1
  messages: ~
- allele:
    Alt:
      alternative: C
  consequences:
    - 3_prime_UTR_exon_variant
  putative_impact: MODIFIER
  gene_symbol: BRCA1
  gene_id: "HGNC:1100"
  feature_type:
    SoTerm:
      term: Transcript
  feature_id: NM_007300.4
  feature_biotype:
    - Coding
  rank:
    ord: 24
    total: 24
  hgvs_t: c.*1382C>G
  hgvs_p: p.?
  tx_pos:
    ord: 7150
    total: 7151
  cds_pos:
    ord: 1382
    total: 5655
  protein_pos: ~
  distance: 0
  strand: -1
  messages: ~
