---
source: src/annotate/strucvars/mod.rs
expression: sv_caller
---
ClinCnv:
  version: 1.17.0

