---
source: src/annotate/strucvars/mod.rs
expression: sv_caller
---
Gcnv {
    version: "4.3.0.0",
}
