---
source: src/annotate/strucvars/mod.rs
expression: sv_caller
---
DragenSv {
    version: "07.021.624.3.10.4",
}
