---
source: src/annotate/strucvars/mod.rs
expression: sv_caller
---
Melt {
    version: "2.2.2",
}
