---
source: src/annotate/strucvars/mod.rs
expression: sv_caller
---
Delly:
  version: 1.1.3

