---
source: src/common/io/std.rs
expression: "format!(\"{:x?}\", & buf)"
---
[]
