---
source: src/db/create/mod.rs
expression: "String::from_utf8(buf)?"
---
txDb:
  transcripts:
  - id: ENST00000361899.2
    geneSymbol: MT-ATP6
    geneId: HGNC:7414
    biotype: TRANSCRIPT_BIOTYPE_CODING
    tags:
    - TRANSCRIPT_TAG_BASIC
    startCodon: 0
    stopCodon: 681
    genomeAlignments:
    - genomeBuild: GENOME_BUILD_GRCH37
      contig: NC_012920.1
      cdsStart: 8526
      cdsEnd: 9207
      strand: STRAND_PLUS
      exons:
      - altStartI: 8526
        altEndI: 9207
        altCdsStartI: 1
        altCdsEndI: 681
        cigar: 681M
    filtered: false
  - id: ENST00000361851.1
    geneSymbol: MT-ATP8
    geneId: HGNC:7415
    biotype: TRANSCRIPT_BIOTYPE_CODING
    tags:
    - TRANSCRIPT_TAG_BASIC
    startCodon: 0
    stopCodon: 207
    genomeAlignments:
    - genomeBuild: GENOME_BUILD_GRCH37
      contig: NC_012920.1
      cdsStart: 8365
      cdsEnd: 8572
      strand: STRAND_PLUS
      exons:
      - altStartI: 8365
        altEndI: 8572
        altCdsStartI: 1
        altCdsEndI: 207
        cigar: 207M
    filtered: false
  - id: ENST00000361624.2
    geneSymbol: MT-CO1
    geneId: HGNC:7419
    biotype: TRANSCRIPT_BIOTYPE_CODING
    tags:
    - TRANSCRIPT_TAG_BASIC
    startCodon: 0
    stopCodon: 1542
    genomeAlignments:
    - genomeBuild: GENOME_BUILD_GRCH37
      contig: NC_012920.1
      cdsStart: 5903
      cdsEnd: 7445
      strand: STRAND_PLUS
      exons:
      - altStartI: 5903
        altEndI: 7445
        altCdsStartI: 1
        altCdsEndI: 1542
        cigar: 1542M
    filtered: false
  - id: ENST00000361739.1
    geneSymbol: MT-CO2
    geneId: HGNC:7421
    biotype: TRANSCRIPT_BIOTYPE_CODING
    tags:
    - TRANSCRIPT_TAG_BASIC
    startCodon: 0
    stopCodon: 684
    genomeAlignments:
    - genomeBuild: GENOME_BUILD_GRCH37
      contig: NC_012920.1
      cdsStart: 7585
      cdsEnd: 8269
      strand: STRAND_PLUS
      exons:
      - altStartI: 7585
        altEndI: 8269
        altCdsStartI: 1
        altCdsEndI: 684
        cigar: 684M
    filtered: false
  - id: ENST00000362079.2
    geneSymbol: MT-CO3
    geneId: HGNC:7422
    biotype: TRANSCRIPT_BIOTYPE_CODING
    tags:
    - TRANSCRIPT_TAG_BASIC
    startCodon: 0
    stopCodon: 786
    genomeAlignments:
    - genomeBuild: GENOME_BUILD_GRCH37
      contig: NC_012920.1
      cdsStart: 9206
      cdsEnd: 9990
      strand: STRAND_PLUS
      exons:
      - altStartI: 9206
        altEndI: 9990
        altCdsStartI: 1
        altCdsEndI: 786
        cigar: 784M2I
    filtered: false
  - id: ENST00000361789.2
    geneSymbol: MT-CYB
    geneId: HGNC:7427
    biotype: TRANSCRIPT_BIOTYPE_CODING
    tags:
    - TRANSCRIPT_TAG_BASIC
    startCodon: 0
    stopCodon: 1143
    genomeAlignments:
    - genomeBuild: GENOME_BUILD_GRCH37
      contig: NC_012920.1
      cdsStart: 14746
      cdsEnd: 15887
      strand: STRAND_PLUS
      exons:
      - altStartI: 14746
        altEndI: 15887
        altCdsStartI: 1
        altCdsEndI: 1143
        cigar: 1141M2I
    filtered: false
  - id: ENST00000361390.2
    geneSymbol: MT-ND1
    geneId: HGNC:7455
    biotype: TRANSCRIPT_BIOTYPE_CODING
    tags:
    - TRANSCRIPT_TAG_BASIC
    startCodon: 0
    stopCodon: 957
    genomeAlignments:
    - genomeBuild: GENOME_BUILD_GRCH37
      contig: NC_012920.1
      cdsStart: 3306
      cdsEnd: 4262
      strand: STRAND_PLUS
      exons:
      - altStartI: 3306
        altEndI: 4262
        altCdsStartI: 1
        altCdsEndI: 957
        cigar: 956M1I
    filtered: false
  - id: ENST00000361453.3
    geneSymbol: MT-ND2
    geneId: HGNC:7456
    biotype: TRANSCRIPT_BIOTYPE_CODING
    tags:
    - TRANSCRIPT_TAG_BASIC
    startCodon: 0
    stopCodon: 1044
    genomeAlignments:
    - genomeBuild: GENOME_BUILD_GRCH37
      contig: NC_012920.1
      cdsStart: 4469
      cdsEnd: 5511
      strand: STRAND_PLUS
      exons:
      - altStartI: 4469
        altEndI: 5511
        altCdsStartI: 1
        altCdsEndI: 1044
        cigar: 1042M2I
    filtered: false
  - id: ENST00000361227.2
    geneSymbol: MT-ND3
    geneId: HGNC:7458
    biotype: TRANSCRIPT_BIOTYPE_CODING
    tags:
    - TRANSCRIPT_TAG_BASIC
    startCodon: 0
    stopCodon: 348
    genomeAlignments:
    - genomeBuild: GENOME_BUILD_GRCH37
      contig: NC_012920.1
      cdsStart: 10058
      cdsEnd: 10404
      strand: STRAND_PLUS
      exons:
      - altStartI: 10058
        altEndI: 10404
        altCdsStartI: 1
        altCdsEndI: 348
        cigar: 346M2I
    filtered: false
  - id: ENST00000361381.2
    geneSymbol: MT-ND4
    geneId: HGNC:7459
    biotype: TRANSCRIPT_BIOTYPE_CODING
    tags:
    - TRANSCRIPT_TAG_BASIC
    startCodon: 0
    stopCodon: 1380
    genomeAlignments:
    - genomeBuild: GENOME_BUILD_GRCH37
      contig: NC_012920.1
      cdsStart: 10759
      cdsEnd: 12137
      strand: STRAND_PLUS
      exons:
      - altStartI: 10759
        altEndI: 12137
        altCdsStartI: 1
        altCdsEndI: 1380
        cigar: 1378M2I
    filtered: false
  - id: ENST00000361335.1
    geneSymbol: MT-ND4L
    geneId: HGNC:7460
    biotype: TRANSCRIPT_BIOTYPE_CODING
    tags:
    - TRANSCRIPT_TAG_BASIC
    startCodon: 0
    stopCodon: 297
    genomeAlignments:
    - genomeBuild: GENOME_BUILD_GRCH37
      contig: NC_012920.1
      cdsStart: 10469
      cdsEnd: 10766
      strand: STRAND_PLUS
      exons:
      - altStartI: 10469
        altEndI: 10766
        altCdsStartI: 1
        altCdsEndI: 297
        cigar: 297M
    filtered: false
  - id: ENST00000361567.2
    geneSymbol: MT-ND5
    geneId: HGNC:7461
    biotype: TRANSCRIPT_BIOTYPE_CODING
    tags:
    - TRANSCRIPT_TAG_BASIC
    startCodon: 0
    stopCodon: 1812
    genomeAlignments:
    - genomeBuild: GENOME_BUILD_GRCH37
      contig: NC_012920.1
      cdsStart: 12336
      cdsEnd: 14148
      strand: STRAND_PLUS
      exons:
      - altStartI: 12336
        altEndI: 14148
        altCdsStartI: 1
        altCdsEndI: 1812
        cigar: 1812M
    filtered: false
  - id: ENST00000361681.2
    geneSymbol: MT-ND6
    geneId: HGNC:7462
    biotype: TRANSCRIPT_BIOTYPE_CODING
    tags:
    - TRANSCRIPT_TAG_BASIC
    startCodon: 0
    stopCodon: 525
    genomeAlignments:
    - genomeBuild: GENOME_BUILD_GRCH37
      contig: NC_012920.1
      cdsStart: 14148
      cdsEnd: 14673
      strand: STRAND_MINUS
      exons:
      - altStartI: 14148
        altEndI: 14673
        altCdsStartI: 1
        altCdsEndI: 525
        cigar: 525M
    filtered: false
  - id: ENST00000389680.2
    geneSymbol: MT-RNR1
    geneId: HGNC:7470
    biotype: TRANSCRIPT_BIOTYPE_NON_CODING
    tags:
    - TRANSCRIPT_TAG_BASIC
    genomeAlignments:
    - genomeBuild: GENOME_BUILD_GRCH37
      contig: NC_012920.1
      strand: STRAND_PLUS
      exons:
      - altStartI: 647
        altEndI: 1601
        altCdsStartI: 1
        altCdsEndI: 954
        cigar: 954M
    filtered: false
  - id: ENST00000387347.2
    geneSymbol: MT-RNR2
    geneId: HGNC:7471
    biotype: TRANSCRIPT_BIOTYPE_NON_CODING
    tags:
    - TRANSCRIPT_TAG_BASIC
    genomeAlignments:
    - genomeBuild: GENOME_BUILD_GRCH37
      contig: NC_012920.1
      strand: STRAND_PLUS
      exons:
      - altStartI: 1670
        altEndI: 3229
        altCdsStartI: 1
        altCdsEndI: 1559
        cigar: 1559M
    filtered: false
  geneToTx:
  - geneId: HGNC:7414
    txIds:
    - ENST00000361899.2
    filtered: false
  - geneId: HGNC:7415
    txIds:
    - ENST00000361851.1
    filtered: false
  - geneId: HGNC:7419
    txIds:
    - ENST00000361624.2
    filtered: false
  - geneId: HGNC:7421
    txIds:
    - ENST00000361739.1
    filtered: false
  - geneId: HGNC:7422
    txIds:
    - ENST00000362079.2
    filtered: false
  - geneId: HGNC:7427
    txIds:
    - ENST00000361789.2
    filtered: false
  - geneId: HGNC:7455
    txIds:
    - ENST00000361390.2
    filtered: false
  - geneId: HGNC:7456
    txIds:
    - ENST00000361453.3
    filtered: false
  - geneId: HGNC:7458
    txIds:
    - ENST00000361227.2
    filtered: false
  - geneId: HGNC:7459
    txIds:
    - ENST00000361381.2
    filtered: false
  - geneId: HGNC:7460
    txIds:
    - ENST00000361335.1
    filtered: false
  - geneId: HGNC:7461
    txIds:
    - ENST00000361567.2
    filtered: false
  - geneId: HGNC:7462
    txIds:
    - ENST00000361681.2
    filtered: false
  - geneId: HGNC:7470
    txIds:
    - ENST00000389680.2
    filtered: false
  - geneId: HGNC:7471
    txIds:
    - ENST00000387347.2
    filtered: false
seqDb:
  aliases:
  - ENST00000361227.2
  - ENST00000361335.1
  - ENST00000361381.2
  - ENST00000361390.2
  - ENST00000361453.3
  - ENST00000361567.2
  - ENST00000361624.2
  - ENST00000361681.2
  - ENST00000361739.1
  - ENST00000361789.2
  - ENST00000361851.1
  - ENST00000361899.2
  - ENST00000362079.2
  - ENST00000387347.2
  - ENST00000389680.2
  aliasesIdx:
  - 0
  - 1
  - 2
  - 3
  - 4
  - 5
  - 6
  - 7
  - 8
  - 9
  - 10
  - 11
  - 12
  - 13
  - 14
  seqs:
  - ATAAACTTCGCCTTAATTTTAATAATCAACACCCTCCTAGCCTTACTACTAATAATTATTACATTTTGACTACCACAACTCAACGGCTACATAGAAAAATCCACCCCTTACGAGTGCGGCTTCGACCCTATATCCCCCGCCCGCGTCCCTTTCTCCATAAAATTCTTCTTAGTAGCTATTACCTTCTTATTATTTGATCTAGAAATTGCCCTCCTTTTACCCCTACCATGAGCCCTACAAACAACTAACCTGCCACTAATAGTTATGTCATCCCTCTTATTAATCATCATCCTAGCCCTAAGTCTGGCCTATGAGTGACTACAAAAAGGATTAGACTGAACCGAATAAA
  - ATGCCCCTCATTTACATAAATATTATACTAGCATTTACCATCTCACTTCTAGGAATACTAGTATATCGCTCACACCTCATATCCTCCCTACTATGCCTAGAAGGAATAATACTATCGCTGTTCATTATAGCTACTCTCATAACCCTCAACACCCACTCCCTCTTAGCCAATATTGTGCCTATTGCCATACTAGTCTTTGCCGCCTGCGAAGCAGCGGTGGGCCTAGCCCTACTAGTCTCAATCTCCAACACATATGGCCTAGACTACGTACATAACCTAAACCTACTCCAATGCTAAAAA
  - ATGCTAAAACTAATCGTCCCAACAATTATATTACTACCACTGACATGACTTTCCAAAAAACACATAATTTGAATCAACACAACCACCCACAGCCTAATTATTAGCATCATCCCTCTACTATTTTTTAACCAAATCAACAACAACCTATTTAGCTGTTCCCCAACCTTTTCCTCCGACCCCCTAACAACCCCCCTCCTAATACTAACTACCTGACTCCTACCCCTCACAATCATGGCAAGCCAACGCCACTTATCCAGTGAACCACTATCACGAAAAAAACTCTACCTCTCTATACTAATCTCCCTACAAATCTCCTTAATTATAACATTCACAGCCACAGAACTAATCATATTTTATATCTTCTTCGAAACCACACTTATCCCCACCTTGGCTATCATCACCCGATGAGGCAACCAGCCAGAACGCCTGAACGCAGGCACATACTTCCTATTCTACACCCTAGTAGGCTCCCTTCCCCTACTCATCGCACTAATTTACACTCACAACACCCTAGGCTCACTAAACATTCTACTACTCACTCTCACTGCCCAAGAACTATCAAACTCCTGAGCCAACAACTTAATATGACTAGCTTACACAATAGCTTTTATAGTAAAGATACCTCTTTACGGACTCCACTTATGACTCCCTAAAGCCCATGTCGAAGCCCCCATCGCTGGGTCAATAGTACTTGCCGCAGTACTCTTAAAACTAGGCGGCTATGGTATAATACGCCTCACACTCATTCTCAACCCCCTGACAAAACACATAGCCTACCCCTTCCTTGTACTATCCCTATGAGGCATAATTATAACAAGCTCCATCTGCCTACGACAAACAGACCTAAAATCGCTCATTGCATACTCTTCAATCAGCCACATAGCCCTCGTAGTAACAGCCATTCTCATCCAAACCCCCTGAAGCTTCACCGGCGCAGTCATTCTCATAATCGCCCACGGGCTTACATCCTCATTACTATTCTGCCTAGCAAACTCAAACTACGAACGCACTCACAGTCGCATCATAATCCTCTCTCAAGGACTTCAAACTCTACTCCCACTAATAGCTTTTTGATGACTTCTAGCAAGCCTCGCTAACCTCGCCTTACCCCCCACTATTAACCTACTGGGAGAACTCTCTGTGCTAGTAACCACGTTCTCCTGATCAAATATCACTCTCCTACTTACAGGACTCAACATACTAGTCACAGCCCTATACTCCCTCTACATATTTACCACAACACAATGGGGCTCACTCACCCACCACATTAACAACATAAAACCCTCATTCACACGAGAAAACACCCTCATGTTCATACACCTATCCCCCATTCTCCTCCTATCCCTCAACCCCGACATCATTACCGGGTTTTCCTCTTAAA
  - ATACCCATGGCCAACCTCCTACTCCTCATTGTACCCATTCTAATCGCAATGGCATTCCTAATGCTTACCGAACGAAAAATTCTAGGCTATATACAACTACGCAAAGGCCCCAACGTTGTAGGCCCCTACGGGCTACTACAACCCTTCGCTGACGCCATAAAACTCTTCACCAAAGAGCCCCTAAAACCCGCCACATCTACCATCACCCTCTACATCACCGCCCCGACCTTAGCTCTCACCATCGCTCTTCTACTATGAACCCCCCTCCCCATACCCAACCCCCTGGTCAACCTCAACCTAGGCCTCCTATTTATTCTAGCCACCTCTAGCCTAGCCGTTTACTCAATCCTCTGATCAGGGTGAGCATCAAACTCAAACTACGCCCTGATCGGCGCACTGCGAGCAGTAGCCCAAACAATCTCATATGAAGTCACCCTAGCCATCATTCTACTATCAACATTACTAATAAGTGGCTCCTTTAACCTCTCCACCCTTATCACAACACAAGAACACCTCTGATTACTCCTGCCATCATGACCCTTGGCCATAATATGATTTATCTCCACACTAGCAGAGACCAACCGAACCCCCTTCGACCTTGCCGAAGGGGAGTCCGAACTAGTCTCAGGCTTCAACATCGAATACGCCGCAGGCCCCTTCGCCCTATTCTTCATAGCCGAATACACAAACATTATTATAATAAACACCCTCACCACTACAATCTTCCTAGGAACAACATATGACGCACTCTCCCCTGAACTCTACACAACATATTTTGTCACCAAGACCCTACTTCTAACCTCCCTGTTCTTATGAATTCGAACAGCATACCCCCGATTCCGCTACGACCAACTCATACACCTCCTATGAAAAAACTTCCTACCACTCACCCTAGCATTACTTATATGATATGTCTCCATACCCATTACAATCTCCAGCATTCCCCCTCAAACCTAAAA
  - ATTAATCCCCTGGCCCAACCCGTCATCTACTCTACCATCTTTGCAGGCACACTCATCACAGCGCTAAGCTCGCACTGATTTTTTACCTGAGTAGGCCTAGAAATAAACATGCTAGCTTTTATTCCAGTTCTAACCAAAAAAATAAACCCTCGTTCCACAGAAGCTGCCATCAAGTATTTCCTCACGCAAGCAACCGCATCCATAATCCTTCTAATAGCTATCCTCTTCAACAATATACTCTCCGGACAATGAACCATAACCAATACTACCAATCAATACTCATCATTAATAATCATAATAGCTATAGCAATAAAACTAGGAATAGCCCCCTTTCACTTCTGAGTCCCAGAGGTTACCCAAGGCACCCCTCTGACATCCGGCCTGCTTCTTCTCACATGACAAAAACTAGCCCCCATCTCAATCATATACCAAATCTCTCCCTCACTAAACGTAAGCCTTCTCCTCACTCTCTCAATCTTATCCATCATAGCAGGCAGTTGAGGTGGATTAAACCAAACCCAGCTACGCAAAATCTTAGCATACTCCTCAATTACCCACATAGGATGAATAATAGCAGTTCTACCGTACAACCCTAACATAACCATTCTTAATTTAACTATTTATATTATCCTAACTACTACCGCATTCCTACTACTCAACTTAAACTCCAGCACCACGACCCTACTACTATCTCGCACCTGAAACAAGCTAACATGACTAACACCCTTAATTCCATCCACCCTCCTCTCCCTAGGAGGCCTGCCCCCGCTAACCGGCTTTTTGCCCAAATGGGCCATTATCGAAGAATTCACAAAAAACAATAGCCTCATCATCCCCACCATCATAGCCACCATCACCCTCCTTAACCTCTACTTCTACCTACGCCTAATCTACTCCACCTCAATCACACTACTCCCCATATCTAACAACGTAAAAATAAAATGACAGTTTGAACATACAAAACCCACCCCATTCCTCCCCACACTCATCGCCCTTACCACGCTACTCCTACCTATCTCCCCTTTTATACTAATAATCTTATAAA
  - ATAACCATGCACACTACTATAACCACCCTAACCCTGACTTCCCTAATTCCCCCCATCCTTACCACCCTCGTTAACCCTAACAAAAAAAACTCATACCCCCATTATGTAAAATCCATTGTCGCATCCACCTTTATTATCAGTCTCTTCCCCACAACAATATTCATGTGCCTAGACCAAGAAGTTATTATCTCGAACTGACACTGAGCCACAACCCAAACAACCCAGCTCTCCCTAAGCTTCAAACTAGACTACTTCTCCATAATATTCATCCCTGTAGCATTGTTCGTTACATGGTCCATCATAGAATTCTCACTGTGATATATAAACTCAGACCCAAACATTAATCAGTTCTTCAAATATCTACTCATCTTCCTAATTACCATACTAATCTTAGTTACCGCTAACAACCTATTCCAACTGTTCATCGGCTGAGAGGGCGTAGGAATTATATCCTTCTTGCTCATCAGTTGATGATACGCCCGAGCAGATGCCAACACAGCAGCCATTCAAGCAATCCTATACAACCGTATCGGCGATATCGGTTTCATCCTCGCCTTAGCATGATTTATCCTACACTCCAACTCATGAGACCCACAACAAATAGCCCTTCTAAACGCTAATCCAAGCCTCACCCCACTACTAGGCCTCCTCCTAGCAGCAGCAGGCAAATCAGCCCAATTAGGTCTCCACCCCTGACTCCCCTCAGCCATAGAAGGCCCCACCCCAGTCTCAGCCCTACTCCACTCAAGCACTATAGTTGTAGCAGGAATCTTCTTACTCATCCGCTTCCACCCCCTAGCAGAAAATAGCCCACTAATCCAAACTCTAACACTATGCTTAGGCGCTATCACCACTCTGTTCGCAGCAGTCTGCGCCCTTACACAAAATGACATCAAAAAAATCGTAGCCTTCTCCACTTCAAGTCAACTAGGACTCATAATAGTTACAATCGGCATCAACCAACCACACCTAGCATTCCTGCACATCTGTACCCACGCCTTCTTCAAAGCCATACTATTTATGTGCTCCGGGTCCATCATCCACAACCTTAACAATGAACAAGATATTCGAAAAATAGGAGGACTACTCAAAACCATACCTCTCACTTCAACCTCCCTCACCATTGGCAGCCTAGCATTAGCAGGAATACCTTTCCTCACAGGTTTCTACTCCAAAGACCACATCATCGAAACCGCAAACATATCATACACAAACGCCTGAGCCCTATCTATTACTCTCATCGCTACCTCCCTGACAAGCGCCTATAGCACTCGAATAATTCTTCTCACCCTAACAGGTCAACCTCGCTTCCCCACCCTTACTAACATTAACGAAAATAACCCCACCCTACTAAACCCCATTAAACGCCTGGCAGCCGGAAGCCTATTCGCAGGATTTCTCATTACTAACAACATTTCCCCCGCATCCCCCTTCCAAACAACAATCCCCCTCTACCTAAAACTCACAGCCCTCGCTGTCACTTTCCTAGGACTTCTAACAGCCCTAGACCTCAACTACCTAACCAACAAACTTAAAATAAAATCCCCACTATGCACATTTTATTTCTCCAACATACTCGGATTCTACCCTAGCATCACACACCGCACAATCCCCTATCTAGGCCTTCTTACGAGCCAAAACCTGCCCCTACTCCTCCTAGACCTAACCTGACTAGAAAAGCTATTACCTAAAACAATTTCACAGCACCAAATCTCCACCTCCATCATCACCTCAACCCAAAAAGGCATAATTAAACTTTACTTCCTCTCTTTCTTCTTCCCACTCATCCTAACCCTACTCCTAATCACATAAAAA
  - ATGTTCGCCGACCGTTGACTATTCTCTACAAACCACAAAGACATTGGAACACTATACCTATTATTCGGCGCATGAGCTGGAGTCCTAGGCACAGCTCTAAGCCTCCTTATTCGAGCCGAGCTGGGCCAGCCAGGCAACCTTCTAGGTAACGACCACATCTACAACGTTATCGTCACAGCCCATGCATTTGTAATAATCTTCTTCATAGTAATACCCATCATAATCGGAGGCTTTGGCAACTGACTAGTTCCCCTAATAATCGGTGCCCCCGATATGGCGTTTCCCCGCATAAACAACATAAGCTTCTGACTCTTACCTCCCTCTCTCCTACTCCTGCTCGCATCTGCTATAGTGGAGGCCGGAGCAGGAACAGGTTGAACAGTCTACCCTCCCTTAGCAGGGAACTACTCCCACCCTGGAGCCTCCGTAGACCTAACCATCTTCTCCTTACACCTAGCAGGTGTCTCCTCTATCTTAGGGGCCATCAATTTCATCACAACAATTATCAATATAAAACCCCCTGCCATAACCCAATACCAAACGCCCCTCTTCGTCTGATCCGTCCTAATCACAGCAGTCCTACTTCTCCTATCTCTCCCAGTCCTAGCTGCTGGCATCACTATACTACTAACAGACCGCAACCTCAACACCACCTTCTTCGACCCCGCCGGAGGAGGAGACCCCATTCTATACCAACACCTATTCTGATTTTTCGGTCACCCTGAAGTTTATATTCTTATCCTACCAGGCTTCGGAATAATCTCCCATATTGTAACTTACTACTCCGGAAAAAAAGAACCATTTGGATACATAGGTATGGTCTGAGCTATGATATCAATTGGCTTCCTAGGGTTTATCGTGTGAGCACACCATATATTTACAGTAGGAATAGACGTAGACACACGAGCATATTTCACCTCCGCTACCATAATCATCGCTATCCCCACCGGCGTCAAAGTATTTAGCTGACTCGCCACACTCCACGGAAGCAATATGAAATGATCTGCTGCAGTGCTCTGAGCCCTAGGATTCATCTTTCTTTTCACCGTAGGTGGCCTGACTGGCATTGTATTAGCAAACTCATCACTAGACATCGTACTACACGACACGTACTACGTTGTAGCCCACTTCCACTATGTCCTATCAATAGGAGCTGTATTTGCCATCATAGGAGGCTTCATTCACTGATTTCCCCTATTCTCAGGCTACACCCTAGACCAAACCTACGCCAAAATCCATTTCACTATCATATTCATCGGCGTAAATCTAACTTTCTTCCCACAACACTTTCTCGGCCTATCCGGAATGCCCCGACGTTACTCGGACTACCCCGATGCATACACCACATGAAACATCCTATCATCTGTAGGCTCATTCATTTCTCTAACAGCAGTAATATTAATAATTTTCATGATTTGAGAAGCCTTCGCTTCGAAGCGAAAAGTCCTAATAGTAGAAGAACCCTCCATAAACCTGGAGTGACTATATGGATGCCCCCCACCCTACCACACATTCGAAGAACCCGTATACATAAAATCTAGAAAA
  - ATGATGTATGCTTTGTTTCTGTTGAGTGTGGGTTTAGTAATGGGGTTTGTGGGGTTTTCTTCTAAGCCTTCTCCTATTTATGGGGGTTTAGTATTGATTGTTAGCGGTGTGGTCGGGTGTGTTATTATTCTGAATTTTGGGGGAGGTTATATGGGTTTAATAGTTTTTTTAATTTATTTAGGGGGAATGATGGTTGTCTTTGGATATACTACAGCGATGGCTATTGAGGAGTATCCTGAGGCATGGGGGTCAGGGGTTGAGGTCTTGGTGAGTGTTTTAGTGGGGTTAGCGATGGAGGTAGGATTGGTGCTGTGGGTGAAAGAGTATGATGGGGTGGTGGTTGTGGTAAACTTTAATAGTGTAGGAAGCTGAATAATTTATGAAGGAGAGGGGTCAGGGTTGATTCGGGAGGATCCTATTGGTGCGGGGGCTTTGTATGATTATGGGCGTTGATTAGTAGTAGTTACTGGTTGAACATTGTTTGTTGGTGTATATATTGTAATTGAGATTGCTCGGGGGAATAGGAAA
  - ATGGCACATGCAGCGCAAGTAGGTCTACAAGACGCTACTTCCCCTATCATAGAAGAGCTTATCACCTTTCATGATCACGCCCTCATAATCATTTTCCTTATCTGCTTCCTAGTCCTGTATGCCCTTTTCCTAACACTCACAACAAAACTAACTAATACTAACATCTCAGACGCTCAGGAAATAGAAACCGTCTGAACTATCCTGCCCGCCATCATCCTAGTCCTCATCGCCCTCCCATCCCTACGCATCCTTTACATAACAGACGAGGTCAACGATCCCTCCCTTACCATCAAATCAATTGGCCACCAATGGTACTGAACCTACGAGTACACCGACTACGGCGGACTAATCTTCAACTCCTACATACTTCCCCCATTATTCCTAGAACCAGGCGACCTGCGACTCCTTGACGTTGACAATCGAGTAGTACTCCCGATTGAAGCCCCCATTCGTATAATAATTACATCACAAGACGTCTTGCACTCATGAGCTGTCCCCACATTAGGCTTAAAAACAGATGCAATTCCCGGACGTCTAAACCAAACCACTTTCACCGCTACACGACCGGGGGTATACTACGGTCAATGCTCTGAAATCTGTGGAGCAAACCACAGTTTCATGCCCATCGTCCTAGAATTAATTCCCCTAAAAATCTTTGAAATAGGGCCCGTATTTACCCTATAGAAA
  - ATGACCCCAATACGCAAAACTAACCCCCTAATAAAATTAATTAACCACTCATTCATCGACCTCCCCACCCCATCCAACATCTCCGCATGATGAAACTTCGGCTCACTCCTTGGCGCCTGCCTGATCCTCCAAATCACCACAGGACTATTCCTAGCCATGCACTACTCACCAGACGCCTCAACCGCCTTTTCATCAATCGCCCACATCACTCGAGACGTAAATTATGGCTGAATCATCCGCTACCTTCACGCCAATGGCGCCTCAATATTCTTTATCTGCCTCTTCCTACACATCGGGCGAGGCCTATATTACGGATCATTTCTCTACTCAGAAACCTGAAACATCGGCATTATCCTCCTGCTTGCAACTATAGCAACAGCCTTCATAGGCTATGTCCTCCCGTGAGGCCAAATATCATTCTGAGGGGCCACAGTAATTACAAACTTACTATCCGCCATCCCATACATTGGGACAGACCTAGTTCAATGAATCTGAGGAGGCTACTCAGTAGACAGTCCCACCCTCACACGATTCTTTACCTTTCACTTCATCTTGCCCTTCATTATTGCAGCCCTAGCAACACTCCACCTCCTATTCTTGCACGAAACGGGATCAAACAACCCCCTAGGAATCACCTCCCATTCCGATAAAATCACCTTCCACCCTTACTACACAATCAAAGACGCCCTCGGCTTACTTCTCTTCCTTCTCTCCTTAATGACATTAACACTATTCTCACCAGACCTCCTAGGCGACCCAGACAATTATACCCTAGCCAACCCCTTAAACACCCCTCCCCACATCAAGCCCGAATGATATTTCCTATTCGCCTACACAATTCTCCGATCCGTCCCTAACAAACTAGGAGGCGTCCTTGCCCTATTACTATCCATCCTCATCCTAGCAATAATCCCCATCCTCCATATATCCAAACAACAAAGCATAATATTTCGCCCACTAAGCCAATCACTTTATTGACTCCTAGCCGCAGACCTCCTCATTCTAACCTGAATCGGAGGACAACCAGTAAGCTACCCTTTTACCATCATTGGACAAGTAGCATCCGTACTATACTTCACAACAATCCTAATCCTAATACCAACTATCTCCCTAATTGAAAACAAAATACTCAAATGGGCCTAAA
  - ATGCCCCAACTAAATACTACCGTATGGCCCACCATAATTACCCCCATACTCCTTACACTATTCCTCATCACCCAACTAAAAATATTAAACACAAACTACCACCTACCTCCCTCACCAAAGCCCATAAAAATAAAAAATTATAACAAACCCTGAGAACCAAAATGAACGAAAATCTGTTCGCTTCATTCATTGCCCCCACAATCCTAGAAA
  - ATGAACGAAAATCTGTTCGCTTCATTCATTGCCCCCACAATCCTAGGCCTACCCGCCGCAGTACTGATCATTCTATTTCCCCCTCTATTGATCCCCACCTCCAAATATCTCATCAACAACCGACTAATCACCACCCAACAATGACTAATCAAACTAACCTCAAAACAAATGATAACCATACACAACACTAAAGGACGAACCTGATCTCTTATACTAGTATCCTTAATCATTTTTATTGCCACAACTAACCTCCTCGGACTCCTGCCTCACTCATTTACACCAACCACCCAACTATCTATAAACCTAGCCATGGCCATCCCCTTATGAGCGGGCACAGTGATTATAGGCTTTCGCTCTAAGATTAAAAATGCCCTAGCCCACTTCTTACCACAAGGCACACCTACACCCCTTATCCCCATACTAGTTATTATCGAAACCATCAGCCTACTCATTCAACCAATAGCCCTGGCCGTACGCCTAACCGCTAACATTACTGCAGGCCACCTACTCATGCACCTAATTGGAAGCGCCACCCTAGCAATATCAACCATTAACCTTCCCTCTACACTTATCATCTTCACAATTCTAATTCTACTGACTATCCTAGAAATCGCTGTCGCCTTAATCCAAGCCTACGTTTTCACACTTCTAGTAAGCCTCTACCTGCACGACAACACATAAAAA
  - ATGACCCACCAATCACATGCCTATCATATAGTAAAACCCAGCCCATGACCCCTAACAGGGGCCCTCTCAGCCCTCCTAATGACCTCCGGCCTAGCCATGTGATTTCACTTCCACTCCATAACGCTCCTCATACTAGGCCTACTAACCAACACACTAACCATATACCAATGATGGCGCGATGTAACACGAGAAAGCACATACCAAGGCCACCACACACCACCTGTCCAAAAAGGCCTTCGATACGGGATAATCCTATTTATTACCTCAGAAGTTTTTTTCTTCGCAGGATTTTTCTGAGCCTTTTACCACTCCAGCCTAGCCCCTACCCCCCAATTAGGAGGGCACTGGCCCCCAACAGGCATCACCCCGCTAAATCCCCTAGAAGTCCCACTCCTAAACACATCCGTATTACTCGCATCAGGAGTATCAATCACCTGAGCTCACCATAGTCTAATAGAAAACAACCGAAACCAAATAATTCAAGCACTGCTTATTACAATTTTACTGGGTCTCTATTTTACCCTCCTACAAGCCTCAGAGTACTTCGAGTCTCCCTTCACCATTTCCGACGGCATCTACGGCTCAACATTTTTTGTAGCCACAGGCTTCCACGGACTTCACGTCATTATTGGCTCAACTTTCCTCACTATCTGCTTCATCCGCCAACTAATATTTCACTTTACATCCAAACATCACTTTGGCTTCGAAGCCGCCGCCTGATACTGGCATTTTGTAGATGTGGTTTGACTATTTCTGTATGTCTCCATCTATTGATGAGGGTCTTAAA
  - GCTAAACCTAGCCCCAAACCCACTCCACCTTACTACCAGACAACCTTAGCCAAACCATTTACCCAAATAAAGTATAGGCGATAGAAATTGAAACCTGGCGCAATAGATATAGTACCGCAAGGGAAAGATGAAAAATTATAACCAAGCATAATATAGCAAGGACTAACCCCTATACCTTCTGCATAATGAATTAACTAGAAATAACTTTGCAAGGAGAGCCAAAGCTAAGACCCCCGAAACCAGACGAGCTACCTAAGAACAGCTAAAAGAGCACACCCGTCTATGTAGCAAAATAGTGGGAAGATTTATAGGTAGAGGCGACAAACCTACCGAGCCTGGTGATAGCTGGTTGTCCAAGATAGAATCTTAGTTCAACTTTAAATTTGCCCACAGAACCCTCTAAATCCCCTTGTAAATTTAACTGTTAGTCCAAAGAGGAACAGCTCTTTGGACACTAGGAAAAAACCTTGTAGAGAGAGTAAAAAATTTAACACCCATAGTAGGCCTAAAAGCAGCCACCAATTAAGAAAGCGTTCAAGCTCAACACCCACTACCTAAAAAATCCCAAACATATAACTGAACTCCTCACACCCAATTGGACCAATCTATCACCCTATAGAAGAACTAATGTTAGTATAAGTAACATGAAAACATTCTCCTCCGCATAAGCCTGCGTCAGATTAAAACACTGAACTGACAATTAACAGCCCAATATCTACAATCAACCAACAAGTCATTATTACCCTCACTGTCAACCCAACACAGGCATGCTCATAAGGAAAGGTTAAAAAAAGTAAAAGGAACTCGGCAAATCTTACCCCGCCTGTTTACCAAAAACATCACCTCTAGCATCACCAGTATTAGAGGCACCGCCTGCCCAGTGACACATGTTTAACGGCCGCGGTACCCTAACCGTGCAAAGGTAGCATAATCACTTGTTCCTTAAATAGGGACCTGTATGAATGGCTCCACGAGGGTTCAGCTGTCTCTTACTTTTAACCAGTGAAATTGACCTGCCCGTGAAGAGGCGGGCATAACACAGCAAGACGAGAAGACCCTATGGAGCTTTAATTTATTAATGCAAACAGTACCTAACAAACCCACAGGTCCTAAACTACCAAACCTGCATTAAAAATTTCGGTTGGGGCGACCTCGGAGCAGAACCCAACCTCCGAGCAGTACATGCTAAGACTTCACCAGTCAAAGCGAACTACTATACTCAATTGATCCAATAACTTGACCAACGGAACAAGTTACCCTAGGGATAACAGCGCAATCCTATTCTAGAGTCCATATCAACAATAGGGTTTACGACCTCGATGTTGGATCAGGACATCCCGATGGTGCAGCCGCTATTAAAGGTTCGTTTGTTCAACGATTAAAGTCCTACGTGATCTGAGTTCAGACCGGAGTAATCCAGGTCGGTTTCTATCTACNTTCAAATTCCTCCCTGTACGAAAGGACAAGAGAAATAAGGCCTACTTCACAAAGCGCCTTCCCCCGTAAATGATATCATCTCAACTTAGTATTATACCCACACCCACCCAAGAACAGGGTTT
  - AATAGGTTTGGTCCTAGCCTTTCTATTAGCTCTTAGTAAGATTACACATGCAAGCATCCCCGTTCCAGTGAGTTCACCCTCTAAATCACCACGATCAAAAGGAACAAGCATCAAGCACGCAGCAATGCAGCTCAAAACGCTTAGCCTAGCCACACCCCCACGGGAAACAGCAGTGATTAACCTTTAGCAATAAACGAAAGTTTAACTAAGCTATACTAACCCCAGGGTTGGTCAATTTCGTGCCAGCCACCGCGGTCACACGATTAACCCAAGTCAATAGAAGCCGGCGTAAAGAGTGTTTTAGATCACCCCCTCCCCAATAAAGCTAAAACTCACCTGAGTTGTAAAAAACTCCAGTTGACACAAAATAGACTACGAAAGTGGCTTTAACATATCTGAACACACAATAGCTAAGACCCAAACTGGGATTAGATACCCCACTATGCTTAGCCCTAAACCTCAACAGTTAAATCAACAAAACTGCTCGCCAGAACACTACGAGCCACAGCTTAAAACTCAAAGGACCTGGCGGTGCTTCATATCCCTCTAGAGGAGCCTGTTCTGTAATCGATAAACCCCGATCAACCTCACCACCTCTTGCTCAGCCTATATACCGCCATCTTCAGCAAACCCTGATGAAGGCTACAAAGTAAGCGCAAGTACCCACGTAAAGACGTTAGGTCAAGGTGTAGCCCATGAGGTGGCAAGAAATGGGCTACATTTTCTACCCCAGAAAACTACGATAGCCCTTATGAAACTTAAGGGTCGAAGGTGGATTTAGCAGTAAACTAAGAGTAGAGTGCTTAGTTGAACAGGGCCCTGAAGCGCGTACACACCGCCCGTCACCCTCCTCAAGTATACTTCAAAGGACATTTAACTAAAACCCCTACGCATTTATATAGAGGAGACAAGTCGTAACATGGTAAGTGTACTGGAAAGTGCACTTGGACGAAC
version: 0.0.0
genomeRelease: GRCh37
